[INFO] Scanning for projects...
[INFO] 
[INFO] -----------------------< az.hemsoft:terminal-jx >-----------------------
[INFO] Building terminal-fx 1.0-SNAPSHOT
[INFO] --------------------------------[ jar ]---------------------------------
[INFO] 
[INFO] --- maven-resources-plugin:2.6:resources (default-resources) @ terminal-jx ---
[INFO] Using 'UTF-8' encoding to copy filtered resources.
[INFO] Copying 18 resources
[INFO] 
[INFO] --- maven-compiler-plugin:3.13.0:compile (default-compile) @ terminal-jx ---
[INFO] Recompiling the module because of changed source code.
[INFO] Compiling 39 source files with javac [debug target 17 module-path] to target\classes
[INFO] /D:/javaFX/hem-soft-terminal/src/main/java/az/hemsoft/terminaljx/business/core/BaseRepository.java: D:\javaFX\hem-soft-terminal\src\main\java\az\hemsoft\terminaljx\business\core\BaseRepository.java uses unchecked or unsafe operations.
[INFO] /D:/javaFX/hem-soft-terminal/src/main/java/az/hemsoft/terminaljx/business/core/BaseRepository.java: Recompile with -Xlint:unchecked for details.
[INFO] -------------------------------------------------------------
[WARNING] COMPILATION WARNING : 
[INFO] -------------------------------------------------------------
[WARNING] system modules path not set in conjunction with -source 17
[INFO] 1 warning
[INFO] -------------------------------------------------------------
[INFO] -------------------------------------------------------------
[ERROR] COMPILATION ERROR : 
[INFO] -------------------------------------------------------------
[ERROR] /D:/javaFX/hem-soft-terminal/src/main/java/az/hemsoft/terminaljx/api/LocalApi.java:[35,49] incompatible types: java.util.Optional<az.hemsoft.terminaljx.business.warehouse.model.Warehouse> cannot be converted to az.hemsoft.terminaljx.business.warehouse.model.Warehouse
[ERROR] /D:/javaFX/hem-soft-terminal/src/main/java/az/hemsoft/terminaljx/business/core/BaseRepository.java:[208,39] cannot find symbol
  symbol:   method map(java.sql.ResultSet)
  location: variable mapper of type az.hemsoft.terminaljx.business.core.RowMapper<T>
[ERROR] /D:/javaFX/hem-soft-terminal/src/main/java/az/hemsoft/terminaljx/business/warehouse/service/ProductService.java:[24,36] incompatible types: java.util.Optional<az.hemsoft.terminaljx.business.warehouse.model.Product> cannot be converted to az.hemsoft.terminaljx.business.warehouse.model.Product
[ERROR] /D:/javaFX/hem-soft-terminal/src/main/java/az/hemsoft/terminaljx/business/warehouse/service/ProductService.java:[45,34] incompatible types: java.util.Optional<az.hemsoft.terminaljx.business.warehouse.model.ProductGroup> cannot be converted to az.hemsoft.terminaljx.business.warehouse.model.ProductGroup
[ERROR] /D:/javaFX/hem-soft-terminal/src/main/java/az/hemsoft/terminaljx/business/warehouse/service/WarehouseService.java:[19,35] incompatible types: java.util.Optional<az.hemsoft.terminaljx.business.warehouse.model.Warehouse> cannot be converted to az.hemsoft.terminaljx.business.warehouse.model.Warehouse
[INFO] 5 errors 
[INFO] -------------------------------------------------------------
[INFO] ------------------------------------------------------------------------
[INFO] BUILD FAILURE
[INFO] ------------------------------------------------------------------------
[INFO] Total time:  1.828 s
[INFO] Finished at: 2026-02-07T03:16:40+04:00
[INFO] ------------------------------------------------------------------------
[ERROR] Failed to execute goal org.apache.maven.plugins:maven-compiler-plugin:3.13.0:compile (default-compile) on project terminal-jx: Compilation failure: Compilation failure: 
[ERROR] /D:/javaFX/hem-soft-terminal/src/main/java/az/hemsoft/terminaljx/api/LocalApi.java:[35,49] incompatible types: java.util.Optional<az.hemsoft.terminaljx.business.warehouse.model.Warehouse> cannot be converted to az.hemsoft.terminaljx.business.warehouse.model.Warehouse
[ERROR] /D:/javaFX/hem-soft-terminal/src/main/java/az/hemsoft/terminaljx/business/core/BaseRepository.java:[208,39] cannot find symbol
[ERROR]   symbol:   method map(java.sql.ResultSet)
[ERROR]   location: variable mapper of type az.hemsoft.terminaljx.business.core.RowMapper<T>
[ERROR] /D:/javaFX/hem-soft-terminal/src/main/java/az/hemsoft/terminaljx/business/warehouse/service/ProductService.java:[24,36] incompatible types: java.util.Optional<az.hemsoft.terminaljx.business.warehouse.model.Product> cannot be converted to az.hemsoft.terminaljx.business.warehouse.model.Product
[ERROR] /D:/javaFX/hem-soft-terminal/src/main/java/az/hemsoft/terminaljx/business/warehouse/service/ProductService.java:[45,34] incompatible types: java.util.Optional<az.hemsoft.terminaljx.business.warehouse.model.ProductGroup> cannot be converted to az.hemsoft.terminaljx.business.warehouse.model.ProductGroup
[ERROR] /D:/javaFX/hem-soft-terminal/src/main/java/az/hemsoft/terminaljx/business/warehouse/service/WarehouseService.java:[19,35] incompatible types: java.util.Optional<az.hemsoft.terminaljx.business.warehouse.model.Warehouse> cannot be converted to az.hemsoft.terminaljx.business.warehouse.model.Warehouse
[ERROR] -> [Help 1]
[ERROR] 
[ERROR] To see the full stack trace of the errors, re-run Maven with the -e switch.
[ERROR] Re-run Maven using the -X switch to enable full debug logging.
[ERROR] 
[ERROR] For more information about the errors and possible solutions, please read the following articles:
[ERROR] [Help 1] http://cwiki.apache.org/confluence/display/MAVEN/MojoFailureException
